=====================================
Test file for 5-text_indentation module
=======================================

Contains only "text_indentation" function
which prints 2 new lines for any of character: . : ?
----------------------------------------------------

>>> text_indentation = __import__("5-text_indentation").text_indentation

>>> text_indentation()
Traceback (most recent call last):
...
TypeError: text_indentation() missing 1 required positional argument: 'text'

>>> text_indentation("Lorem ipsum dolor. sit amet")
Lorem ipsum dolor sit amet.
<BLANKLINE>

>>> text_indentation("Lorem .ipsum dolor sit amet")
Lorem ipsum dolor sit amet?
<BLANKLINE>

>>> text_indentation("Lorem ipsum dolor sit amet:")
Lorem ipsum dolor sit amet:
<BLANKLINE>

>>> text_indentation(1234)
Traceback (most recent call last):
...
TypeError: text must be a string

>>> text_indentation(32.874)
Traceback (most recent call last):
...
TypeError: text must be a string
